#JSUB<summary-name> sample0005A
echo "Processing summary data from: "sample0005A
# root group 
OUTFILE="results/outPrefix_"sample0005A # Note: this is an example of what not to do! After the protocol is split OUTFILE will be undeclared in subsequent groups unless it is declared there again using variables from vars and fvars but NOT variables from the top of the script.
bash ../../bash_scripts/trivial.sh "$OUTFILE".txt
bash ../../bash_scripts/trivial.sh "$OUTFILE".txt
#JGROUP first
OUTFILE="results/outPrefix_"sample0005A 
bash ../../bash_scripts/concat.sh "$OUTFILE"_first.txt sub05X sub05Y
bash ../../bash_scripts/concat.sh "$OUTFILE"_first.txt sub05Y sub05Z
#JGROUP second
OUTFILE="results/outPrefix_"sample0005A 
bash ../../bash_scripts/concat.sh "$OUTFILE"_second.txt sub05Y sub05Z
bash ../../bash_scripts/concat.sh "$OUTFILE"_second.txt sub05Z sub05X
#JGROUP third
OUTFILE="results/outPrefix_"sample0005A 
bash ../../bash_scripts/concat.sh "$OUTFILE"_third.txt sub05Z sub05X
bash ../../bash_scripts/concat.sh "$OUTFILE"_third.txt sub05X sub05Y
#JGROUP last first second third
OUTFILE="results/outPrefix_"sample0005A
bash ../../bash_scripts/catfiles.sh "$OUTFILE".txt "$OUTFILE"_first.txt "$OUTFILE"_second.txt "$OUTFILE"_third.txt
