#JSUB<summary-name> sample0011A
echo "Processing summary data from: "sample0011A
# root group 
OUTFILE="results/outPrefix_"sample0011A # Note: this is an example of what not to do! After the protocol is split OUTFILE will be undeclared in subsequent groups unless it is declared there again using variables from vars and fvars but NOT variables from the top of the script.
bash ../../bash_scripts/trivial.sh "$OUTFILE".txt
bash ../../bash_scripts/trivial.sh "$OUTFILE".txt
#JGROUP first
OUTFILE="results/outPrefix_"sample0011A 
bash ../../bash_scripts/concat.sh "$OUTFILE"_first.txt sub11X sub11Y
bash ../../bash_scripts/concat.sh "$OUTFILE"_first.txt sub11Y sub11Z
#JGROUP second
OUTFILE="results/outPrefix_"sample0011A 
bash ../../bash_scripts/concat.sh "$OUTFILE"_second.txt sub11Y sub11Z
bash ../../bash_scripts/concat.sh "$OUTFILE"_second.txt sub11Z sub11X
#JGROUP third
OUTFILE="results/outPrefix_"sample0011A 
bash ../../bash_scripts/concat.sh "$OUTFILE"_third.txt sub11Z sub11X
bash ../../bash_scripts/concat.sh "$OUTFILE"_third.txt sub11X sub11Y
#JGROUP last first second third
OUTFILE="results/outPrefix_"sample0011A
bash ../../bash_scripts/catfiles.sh "$OUTFILE".txt "$OUTFILE"_first.txt "$OUTFILE"_second.txt "$OUTFILE"_third.txt
