#JSUB<summary-name> sample0002A
echo "Processing summary data from: "sample0002A
# root group 
bash ../../bash_scripts/trivial.sh "results/outPrefix_"sample0002A.txt
bash ../../bash_scripts/trivial.sh "results/outPrefix_"sample0002A.txt
jcheck_file_not_empty "results/outPrefix_"sample0002A.txt
#JGROUP first
bash ../../bash_scripts/concat.sh "results/outPrefix_"sample0002A_first.txt sub02X sub02Y
jcheck_file_not_empty  "results/outPrefix_"sample0002A_first.txt
bash ../../bash_scripts/concat.sh "results/outPrefix_"sample0002A_first.txt sub02Y sub02Z
jcheck_file_not_empty  "results/outPrefix_"sample0002A_first.txt
#JGROUP second
bash ../../bash_scripts/concat.sh "results/outPrefix_"sample0002A_second.txt sub02Y sub02Z
echo " " >             "results/outPrefix_"sample0002A_second.txt
jcheck_file_not_empty  "results/outPrefix_"sample0002A_second.txt
bash ../../bash_scripts/concat.sh "results/outPrefix_"sample0002A_second.txt sub02Z sub02X
jcheck_file_not_empty  "results/outPrefix_"sample0002A_second.txt
#JGROUP third
bash ../../bash_scripts/concat.sh "results/outPrefix_"sample0002A_third.txt sub02Z sub02X
jcheck_file_not_empty  "results/outPrefix_"sample0002A_third.txt
bash ../../bash_scripts/concat.sh "results/outPrefix_"sample0002A_third.txt sub02X sub02Y
echo "  " >            "results/outPrefix_"sample0002A_third.txt
jcheck_file_not_empty  "results/outPrefix_"sample0002A_third.txt
#JGROUP last first second third
jcheck_file_not_empty                                  "results/outPrefix_"sample0002A_first.txt "results/outPrefix_"sample0002A_second.txt "results/outPrefix_"sample0002A_third.txt
bash ../../bash_scripts/catfiles.sh "results/outPrefix_"sample0002A.txt "results/outPrefix_"sample0002A_first.txt "results/outPrefix_"sample0002A_second.txt "results/outPrefix_"sample0002A_third.txt
jcheck_file_not_empty    "results/outPrefix_"sample0002A.txt
