# Basic integration test protocol involving only a call to a bash script that writes a single line to a text file.
#JSUB<summary-name> sample0001A
echo "Processing summary data from: "sample0001A
# root group 
OUTFILE="results/outPrefix_"sample0001A # Note: this is an example of what not to do! After the protocol is split OUTFILE will be undeclared in subsequent groups unless it is declared there again using variables from vars and variables from the top of the script.
bash ../../bash_scripts/trivial.sh "$OUTFILE".txt
bash ../../bash_scripts/trivial.sh "$OUTFILE".txt
#JGROUP first
OUTFILE="results/outPrefix_"sample0001A 
bash ../../bash_scripts/concat.sh "$OUTFILE"_first.txt sub01X sub01Y
bash ../../bash_scripts/concat.sh "$OUTFILE"_first.txt sub01Y sub01Z
#JGROUP second
OUTFILE="results/outPrefix_"sample0001A 
bash ../../bash_scripts/concat.sh "$OUTFILE"_second.txt sub01Y sub01Z
bash ../../bash_scripts/concat.sh "$OUTFILE"_second.txt sub01Z sub01X
#JGROUP third
OUTFILE="results/outPrefix_"sample0001A 
bash ../../bash_scripts/concat.sh "$OUTFILE"_third.txt sub01Z sub01X
bash ../../bash_scripts/concat.sh "$OUTFILE"_third.txt sub01X sub01Y
#JGROUP last
OUTFILE="results/outPrefix_"sample0001A
bash ../../bash_scripts/catfiles.sh "$OUTFILE".txt "$OUTFILE"_first.txt "$OUTFILE"_second.txt "$OUTFILE"_third.txt
