#JSUB<summary-name> sample0001A
echo "Processing summary data from: "sample0001A
# root group 
bash ../../bash_scripts/trivial.sh "results/outPrefix_"sample0001A.txt
bash ../../bash_scripts/trivial.sh "results/outPrefix_"sample0001A.txt
jcheck_file_not_empty "results/outPrefix_"sample0001A.txt
#JGROUP first
bash ../../bash_scripts/concat.sh "results/outPrefix_"sample0001A_first.txt sub01X sub01Y
jcheck_file_not_empty  "results/outPrefix_"sample0001A_first.txt
bash ../../bash_scripts/concat.sh "results/outPrefix_"sample0001A_first.txt sub01Y sub01Z
jcheck_file_not_empty  "results/outPrefix_"sample0001A_first.txt
#JGROUP second
bash ../../bash_scripts/concat.sh "results/outPrefix_"sample0001A_second.txt sub01Y sub01Z
echo " " >             "results/outPrefix_"sample0001A_second.txt
jcheck_file_not_empty  "results/outPrefix_"sample0001A_second.txt
bash ../../bash_scripts/concat.sh "results/outPrefix_"sample0001A_second.txt sub01Z sub01X
jcheck_file_not_empty  "results/outPrefix_"sample0001A_second.txt
#JGROUP third
bash ../../bash_scripts/concat.sh "results/outPrefix_"sample0001A_third.txt sub01Z sub01X
jcheck_file_not_empty  "results/outPrefix_"sample0001A_third.txt
bash ../../bash_scripts/concat.sh "results/outPrefix_"sample0001A_third.txt sub01X sub01Y
echo "  " >            "results/outPrefix_"sample0001A_third.txt
jcheck_file_not_empty  "results/outPrefix_"sample0001A_third.txt
#JGROUP last first second third
jcheck_file_not_empty                                  "results/outPrefix_"sample0001A_first.txt "results/outPrefix_"sample0001A_second.txt "results/outPrefix_"sample0001A_third.txt
bash ../../bash_scripts/catfiles.sh "results/outPrefix_"sample0001A.txt "results/outPrefix_"sample0001A_first.txt "results/outPrefix_"sample0001A_second.txt "results/outPrefix_"sample0001A_third.txt
jcheck_file_not_empty    "results/outPrefix_"sample0001A.txt
